2025-12-11 11:48:55 - __main__ - ERROR - [app.py:437] - Sync error for company GQA170124FQA: SAT no aceptó la solicitud. Código: 301, Mensaje: XML Mal Formado:La solicitud de descarga no es válida. Fecha final invalida
2025-12-11 12:55:26 - __main__ - ERROR - [app.py:437] - Sync error for company GQA170124FQA: SAT no aceptó la solicitud. Código: 301, Mensaje: XML Mal Formado:La solicitud de descarga no es válida. Fecha final invalida
2025-12-14 21:54:38 - __main__ - ERROR - [app.py:494] - Error generando PDF para factura 7403ED89-9510-4D0E-8BE2-15994877E166: Error al generar PDF desde XML: weasyprint is not installed
2025-12-14 21:54:51 - __main__ - ERROR - [app.py:494] - Error generando PDF para factura 7403ED89-9510-4D0E-8BE2-15994877E166: Error al generar PDF desde XML: weasyprint is not installed
2025-12-14 21:55:10 - __main__ - ERROR - [app.py:494] - Error generando PDF para factura CEB1A5D4-F001-40B3-A3E5-219D71D790E5: Error al generar PDF desde XML: weasyprint is not installed
2025-12-14 21:55:22 - __main__ - ERROR - [app.py:494] - Error generando PDF para factura 7403ED89-9510-4D0E-8BE2-15994877E166: Error al generar PDF desde XML: weasyprint is not installed
2025-12-14 21:56:41 - __main__ - ERROR - [app.py:494] - Error generando PDF para factura 7403ED89-9510-4D0E-8BE2-15994877E166: Error al generar PDF desde XML: weasyprint is not installed
2025-12-14 21:58:00 - __main__ - ERROR - [app.py:494] - Error generando PDF para factura 7403ED89-9510-4D0E-8BE2-15994877E166: Error al generar PDF desde XML: weasyprint is not installed
2025-12-14 21:58:20 - __main__ - ERROR - [app.py:494] - Error generando PDF para factura 7403ED89-9510-4D0E-8BE2-15994877E166: Error al generar PDF desde XML: weasyprint is not installed
2025-12-14 22:06:36 - __main__ - ERROR - [app.py:494] - Error generando PDF para factura 7403ED89-9510-4D0E-8BE2-15994877E166: Error al generar PDF desde XML: weasyprint is not installed
2025-12-15 14:19:23 - app - ERROR - [app.py:838] - Exception on /companies/2/suppliers/16 [GET]
Traceback (most recent call last):
  File "C:\Users\ameri\AppData\Local\Packages\PythonSoftwareFoundation.Python.3.13_qbz5n2kfra8p0\LocalCache\local-packages\Python313\site-packages\flask\app.py", line 1473, in wsgi_app
    response = self.full_dispatch_request()
  File "C:\Users\ameri\AppData\Local\Packages\PythonSoftwareFoundation.Python.3.13_qbz5n2kfra8p0\LocalCache\local-packages\Python313\site-packages\flask\app.py", line 882, in full_dispatch_request
    rv = self.handle_user_exception(e)
  File "C:\Users\ameri\AppData\Local\Packages\PythonSoftwareFoundation.Python.3.13_qbz5n2kfra8p0\LocalCache\local-packages\Python313\site-packages\flask\app.py", line 880, in full_dispatch_request
    rv = self.dispatch_request()
  File "C:\Users\ameri\AppData\Local\Packages\PythonSoftwareFoundation.Python.3.13_qbz5n2kfra8p0\LocalCache\local-packages\Python313\site-packages\flask\app.py", line 865, in dispatch_request
    return self.ensure_sync(self.view_functions[rule.endpoint])(**view_args)  # type: ignore[no-any-return]
           ~~~~~~~~~~~~~~~~~~~~~~~~~~~~~~~~~~~~~~~~~~~~~~~~~~~~^^^^^^^^^^^^^
  File "C:\Users\ameri\AppData\Local\Packages\PythonSoftwareFoundation.Python.3.13_qbz5n2kfra8p0\LocalCache\local-packages\Python313\site-packages\flask_login\utils.py", line 290, in decorated_view
    return current_app.ensure_sync(func)(*args, **kwargs)
           ~~~~~~~~~~~~~~~~~~~~~~~~~~~~~^^^^^^^^^^^^^^^^^
  File "C:\desarrollo\sat\working\app.py", line 738, in supplier_detail
    
    
    ...<4 lines>...
    def suppliers(company_id):
    ^^^^^^^^^
  File "C:\Users\ameri\AppData\Local\Packages\PythonSoftwareFoundation.Python.3.13_qbz5n2kfra8p0\LocalCache\local-packages\Python313\site-packages\flask\templating.py", line 149, in render_template
    template = app.jinja_env.get_or_select_template(template_name_or_list)
  File "C:\Users\ameri\AppData\Local\Packages\PythonSoftwareFoundation.Python.3.13_qbz5n2kfra8p0\LocalCache\local-packages\Python313\site-packages\jinja2\environment.py", line 1084, in get_or_select_template
    return self.get_template(template_name_or_list, parent, globals)
           ~~~~~~~~~~~~~~~~~^^^^^^^^^^^^^^^^^^^^^^^^^^^^^^^^^^^^^^^^
  File "C:\Users\ameri\AppData\Local\Packages\PythonSoftwareFoundation.Python.3.13_qbz5n2kfra8p0\LocalCache\local-packages\Python313\site-packages\jinja2\environment.py", line 1013, in get_template
    return self._load_template(name, globals)
           ~~~~~~~~~~~~~~~~~~~^^^^^^^^^^^^^^^
  File "C:\Users\ameri\AppData\Local\Packages\PythonSoftwareFoundation.Python.3.13_qbz5n2kfra8p0\LocalCache\local-packages\Python313\site-packages\jinja2\environment.py", line 972, in _load_template
    template = self.loader.load(self, name, self.make_globals(globals))
  File "C:\Users\ameri\AppData\Local\Packages\PythonSoftwareFoundation.Python.3.13_qbz5n2kfra8p0\LocalCache\local-packages\Python313\site-packages\jinja2\loaders.py", line 126, in load
    source, filename, uptodate = self.get_source(environment, name)
                                 ~~~~~~~~~~~~~~~^^^^^^^^^^^^^^^^^^^
  File "C:\Users\ameri\AppData\Local\Packages\PythonSoftwareFoundation.Python.3.13_qbz5n2kfra8p0\LocalCache\local-packages\Python313\site-packages\flask\templating.py", line 65, in get_source
    return self._get_source_fast(environment, template)
           ~~~~~~~~~~~~~~~~~~~~~^^^^^^^^^^^^^^^^^^^^^^^
  File "C:\Users\ameri\AppData\Local\Packages\PythonSoftwareFoundation.Python.3.13_qbz5n2kfra8p0\LocalCache\local-packages\Python313\site-packages\flask\templating.py", line 99, in _get_source_fast
    raise TemplateNotFound(template)
jinja2.exceptions.TemplateNotFound: suppliers/detail.html
2026-01-04 11:56:20 - app - ERROR - [app.py:838] - Exception on /companies/2/inventory [GET]
Traceback (most recent call last):
  File "C:\desarrollo\sat\working\.venv\Lib\site-packages\sqlalchemy\engine\base.py", line 1967, in _exec_single_context
    self.dialect.do_execute(
    ~~~~~~~~~~~~~~~~~~~~~~~^
        cursor, str_statement, effective_parameters, context
        ^^^^^^^^^^^^^^^^^^^^^^^^^^^^^^^^^^^^^^^^^^^^^^^^^^^^
    )
    ^
  File "C:\desarrollo\sat\working\.venv\Lib\site-packages\sqlalchemy\engine\default.py", line 941, in do_execute
    cursor.execute(statement, parameters)
    ~~~~~~~~~~~~~~^^^^^^^^^^^^^^^^^^^^^^^
sqlite3.OperationalError: no such column: product.sanitary_registration

The above exception was the direct cause of the following exception:

Traceback (most recent call last):
  File "C:\desarrollo\sat\working\.venv\Lib\site-packages\flask\app.py", line 1473, in wsgi_app
    response = self.full_dispatch_request()
  File "C:\desarrollo\sat\working\.venv\Lib\site-packages\flask\app.py", line 882, in full_dispatch_request
    rv = self.handle_user_exception(e)
  File "C:\desarrollo\sat\working\.venv\Lib\site-packages\flask\app.py", line 880, in full_dispatch_request
    rv = self.dispatch_request()
  File "C:\desarrollo\sat\working\.venv\Lib\site-packages\flask\app.py", line 865, in dispatch_request
    return self.ensure_sync(self.view_functions[rule.endpoint])(**view_args)  # type: ignore[no-any-return]
           ~~~~~~~~~~~~~~~~~~~~~~~~~~~~~~~~~~~~~~~~~~~~~~~~~~~~^^^^^^^^^^^^^
  File "C:\desarrollo\sat\working\.venv\Lib\site-packages\flask_login\utils.py", line 290, in decorated_view
    return current_app.ensure_sync(func)(*args, **kwargs)
           ~~~~~~~~~~~~~~~~~~~~~~~~~~~~~^^^^^^^^^^^^^^^^^
  File "c:\desarrollo\sat\working\app.py", line 1198, in inventory_list
    products = Product.query.filter_by(company_id=company_id, active=True).order_by(Product.name).all()
  File "C:\desarrollo\sat\working\.venv\Lib\site-packages\sqlalchemy\orm\query.py", line 2673, in all
    return self._iter().all()  # type: ignore
           ~~~~~~~~~~^^
  File "C:\desarrollo\sat\working\.venv\Lib\site-packages\sqlalchemy\orm\query.py", line 2827, in _iter
    result: Union[ScalarResult[_T], Result[_T]] = self.session.execute(
                                                  ~~~~~~~~~~~~~~~~~~~~^
        statement,
        ^^^^^^^^^^
        params,
        ^^^^^^^
        execution_options={"_sa_orm_load_options": self.load_options},
        ^^^^^^^^^^^^^^^^^^^^^^^^^^^^^^^^^^^^^^^^^^^^^^^^^^^^^^^^^^^^^^
    )
    ^
  File "C:\desarrollo\sat\working\.venv\Lib\site-packages\sqlalchemy\orm\session.py", line 2362, in execute
    return self._execute_internal(
           ~~~~~~~~~~~~~~~~~~~~~~^
        statement,
        ^^^^^^^^^^
    ...<4 lines>...
        _add_event=_add_event,
        ^^^^^^^^^^^^^^^^^^^^^^
    )
    ^
  File "C:\desarrollo\sat\working\.venv\Lib\site-packages\sqlalchemy\orm\session.py", line 2247, in _execute_internal
    result: Result[Any] = compile_state_cls.orm_execute_statement(
                          ~~~~~~~~~~~~~~~~~~~~~~~~~~~~~~~~~~~~~~~^
        self,
        ^^^^^
    ...<4 lines>...
        conn,
        ^^^^^
    )
    ^
  File "C:\desarrollo\sat\working\.venv\Lib\site-packages\sqlalchemy\orm\context.py", line 305, in orm_execute_statement
    result = conn.execute(
        statement, params or {}, execution_options=execution_options
    )
  File "C:\desarrollo\sat\working\.venv\Lib\site-packages\sqlalchemy\engine\base.py", line 1418, in execute
    return meth(
        self,
        distilled_parameters,
        execution_options or NO_OPTIONS,
    )
  File "C:\desarrollo\sat\working\.venv\Lib\site-packages\sqlalchemy\sql\elements.py", line 515, in _execute_on_connection
    return connection._execute_clauseelement(
           ~~~~~~~~~~~~~~~~~~~~~~~~~~~~~~~~~^
        self, distilled_params, execution_options
        ^^^^^^^^^^^^^^^^^^^^^^^^^^^^^^^^^^^^^^^^^
    )
    ^
  File "C:\desarrollo\sat\working\.venv\Lib\site-packages\sqlalchemy\engine\base.py", line 1640, in _execute_clauseelement
    ret = self._execute_context(
        dialect,
    ...<8 lines>...
        cache_hit=cache_hit,
    )
  File "C:\desarrollo\sat\working\.venv\Lib\site-packages\sqlalchemy\engine\base.py", line 1846, in _execute_context
    return self._exec_single_context(
           ~~~~~~~~~~~~~~~~~~~~~~~~~^
        dialect, context, statement, parameters
        ^^^^^^^^^^^^^^^^^^^^^^^^^^^^^^^^^^^^^^^
    )
    ^
  File "C:\desarrollo\sat\working\.venv\Lib\site-packages\sqlalchemy\engine\base.py", line 1986, in _exec_single_context
    self._handle_dbapi_exception(
    ~~~~~~~~~~~~~~~~~~~~~~~~~~~~^
        e, str_statement, effective_parameters, cursor, context
        ^^^^^^^^^^^^^^^^^^^^^^^^^^^^^^^^^^^^^^^^^^^^^^^^^^^^^^^
    )
    ^
  File "C:\desarrollo\sat\working\.venv\Lib\site-packages\sqlalchemy\engine\base.py", line 2355, in _handle_dbapi_exception
    raise sqlalchemy_exception.with_traceback(exc_info[2]) from e
  File "C:\desarrollo\sat\working\.venv\Lib\site-packages\sqlalchemy\engine\base.py", line 1967, in _exec_single_context
    self.dialect.do_execute(
    ~~~~~~~~~~~~~~~~~~~~~~~^
        cursor, str_statement, effective_parameters, context
        ^^^^^^^^^^^^^^^^^^^^^^^^^^^^^^^^^^^^^^^^^^^^^^^^^^^^
    )
    ^
  File "C:\desarrollo\sat\working\.venv\Lib\site-packages\sqlalchemy\engine\default.py", line 941, in do_execute
    cursor.execute(statement, parameters)
    ~~~~~~~~~~~~~~^^^^^^^^^^^^^^^^^^^^^^^
sqlalchemy.exc.OperationalError: (sqlite3.OperationalError) no such column: product.sanitary_registration
[SQL: SELECT product.id AS product_id, product.company_id AS product_company_id, product.sku AS product_sku, product.name AS product_name, product.description AS product_description, product.cost_price AS product_cost_price, product.selling_price AS product_selling_price, product.current_stock AS product_current_stock, product.min_stock_level AS product_min_stock_level, product.active AS product_active, product.created_at AS product_created_at, product.sanitary_registration AS product_sanitary_registration, product.is_controlled AS product_is_controlled, product.active_ingredient AS product_active_ingredient, product.presentation AS product_presentation, product.therapeutic_group AS product_therapeutic_group, product.unit_measure AS product_unit_measure 
FROM product 
WHERE product.company_id = ? AND product.active = 1 ORDER BY product.name]
[parameters: (2,)]
(Background on this error at: https://sqlalche.me/e/20/e3q8)
2026-01-06 00:32:25 - services.facturacion_service - ERROR - [facturacion_service.py:251] - Error al verificar lista 69B: 'charmap' codec can't decode byte 0x81 in position 4098: character maps to <undefined>
2026-01-07 19:16:33 - utils.crypto - ERROR - [crypto.py:83] - Encryption failed: FERNET_KEY environment variable not set. Generate one with: python -c "from cryptography.fernet import Fernet; print(Fernet.generate_key().decode())"
2026-01-07 19:16:33 - app - ERROR - [app.py:838] - Exception on /companies/2/facturacion/credenciales [POST]
Traceback (most recent call last):
  File "C:\desarrollo\sat\working\.venv\Lib\site-packages\flask\app.py", line 1473, in wsgi_app
    response = self.full_dispatch_request()
  File "C:\desarrollo\sat\working\.venv\Lib\site-packages\flask\app.py", line 882, in full_dispatch_request
    rv = self.handle_user_exception(e)
  File "C:\desarrollo\sat\working\.venv\Lib\site-packages\flask\app.py", line 880, in full_dispatch_request
    rv = self.dispatch_request()
  File "C:\desarrollo\sat\working\.venv\Lib\site-packages\flask\app.py", line 865, in dispatch_request
    return self.ensure_sync(self.view_functions[rule.endpoint])(**view_args)  # type: ignore[no-any-return]
           ~~~~~~~~~~~~~~~~~~~~~~~~~~~~~~~~~~~~~~~~~~~~~~~~~~~~^^^^^^^^^^^^^
  File "C:\desarrollo\sat\working\.venv\Lib\site-packages\flask_login\utils.py", line 290, in decorated_view
    return current_app.ensure_sync(func)(*args, **kwargs)
           ~~~~~~~~~~~~~~~~~~~~~~~~~~~~~^^^^^^^^^^^^^^^^^
  File "c:\desarrollo\sat\working\app.py", line 2002, in facturacion_credenciales
    encrypted_password = encrypt_password(form.password.data)
  File "c:\desarrollo\sat\working\utils\crypto.py", line 79, in encrypt_password
    key = load_key()
  File "c:\desarrollo\sat\working\utils\crypto.py", line 56, in load_key
    raise CryptoKeyError(
    ...<2 lines>...
    )
utils.crypto.CryptoKeyError: FERNET_KEY environment variable not set. Generate one with: python -c "from cryptography.fernet import Fernet; print(Fernet.generate_key().decode())"
2026-01-07 19:17:48 - utils.crypto - ERROR - [crypto.py:83] - Encryption failed: FERNET_KEY environment variable not set. Generate one with: python -c "from cryptography.fernet import Fernet; print(Fernet.generate_key().decode())"
2026-01-07 19:17:48 - app - ERROR - [app.py:838] - Exception on /companies/2/facturacion/credenciales [POST]
Traceback (most recent call last):
  File "C:\desarrollo\sat\working\.venv\Lib\site-packages\flask\app.py", line 1473, in wsgi_app
    response = self.full_dispatch_request()
  File "C:\desarrollo\sat\working\.venv\Lib\site-packages\flask\app.py", line 882, in full_dispatch_request
    rv = self.handle_user_exception(e)
  File "C:\desarrollo\sat\working\.venv\Lib\site-packages\flask\app.py", line 880, in full_dispatch_request
    rv = self.dispatch_request()
  File "C:\desarrollo\sat\working\.venv\Lib\site-packages\flask\app.py", line 865, in dispatch_request
    return self.ensure_sync(self.view_functions[rule.endpoint])(**view_args)  # type: ignore[no-any-return]
           ~~~~~~~~~~~~~~~~~~~~~~~~~~~~~~~~~~~~~~~~~~~~~~~~~~~~^^^^^^^^^^^^^
  File "C:\desarrollo\sat\working\.venv\Lib\site-packages\flask_login\utils.py", line 290, in decorated_view
    return current_app.ensure_sync(func)(*args, **kwargs)
           ~~~~~~~~~~~~~~~~~~~~~~~~~~~~~^^^^^^^^^^^^^^^^^
  File "c:\desarrollo\sat\working\app.py", line 2002, in facturacion_credenciales
    encrypted_password = encrypt_password(form.password.data)
  File "c:\desarrollo\sat\working\utils\crypto.py", line 79, in encrypt_password
    key = load_key()
  File "c:\desarrollo\sat\working\utils\crypto.py", line 56, in load_key
    raise CryptoKeyError(
    ...<2 lines>...
    )
utils.crypto.CryptoKeyError: FERNET_KEY environment variable not set. Generate one with: python -c "from cryptography.fernet import Fernet; print(Fernet.generate_key().decode())"
2026-01-07 22:00:26 - services.cfdi_generator - ERROR - [cfdi_generator.py:249] - Error al generar CFDI: Concepto.__init__() got an unexpected keyword argument 'importe'
2026-01-07 22:00:26 - __main__ - ERROR - [app.py:2356] - Error al generar y timbrar: Concepto.__init__() got an unexpected keyword argument 'importe'
2026-01-07 22:19:23 - services.cfdi_generator - ERROR - [cfdi_generator.py:251] - Error al generar CFDI: Impuestos.__init__() got an unexpected keyword argument 'total_impuestos_trasladados'
2026-01-07 22:19:23 - __main__ - ERROR - [app.py:2356] - Error al generar y timbrar: Impuestos.__init__() got an unexpected keyword argument 'total_impuestos_trasladados'
2026-01-07 22:22:22 - services.cfdi_generator - ERROR - [cfdi_generator.py:250] - Error al generar CFDI: Comprobante.__init__() got an unexpected keyword argument 'subtotal'
2026-01-07 22:22:22 - __main__ - ERROR - [app.py:2356] - Error al generar y timbrar: Comprobante.__init__() got an unexpected keyword argument 'subtotal'
2026-01-07 22:27:05 - services.cfdi_generator - ERROR - [cfdi_generator.py:248] - Error al generar CFDI: Comprobante.__init__() got an unexpected keyword argument 'impuestos'
2026-01-07 22:27:05 - __main__ - ERROR - [app.py:2356] - Error al generar y timbrar: Comprobante.__init__() got an unexpected keyword argument 'impuestos'
2026-01-07 22:29:30 - __main__ - ERROR - [app.py:2356] - Error al generar y timbrar: '(' was never closed (cfdi_generator.py, line 201)
2026-01-07 22:36:06 - services.facturacion_service - ERROR - [facturacion_service.py:142] - Error al timbrar factura: cfdi must be a CFDI object
2026-01-07 22:39:10 - services.facturacion_service - ERROR - [facturacion_service.py:136] - Error al timbrar factura: name 'xml_content' is not defined
2026-01-07 22:44:14 - services.facturacion_service - ERROR - [facturacion_service.py:136] - Error al timbrar factura: memoryview: a bytes-like object is required, not 'lxml.etree._Element'
2026-01-07 22:47:13 - services.facturacion_service - ERROR - [facturacion_service.py:136] - Error al timbrar factura: Unicode strings with encoding declaration are not supported. Please use bytes input or XML fragments without declaration.
2026-01-07 22:50:08 - services.facturacion_service - ERROR - [facturacion_service.py:136] - Error al timbrar factura: accept PDF not supported
2026-01-07 22:50:54 - services.facturacion_service - ERROR - [facturacion_service.py:136] - Error al timbrar factura: accept PDF not supported
2026-01-07 23:03:54 - services.facturacion_service - ERROR - [facturacion_service.py:136] - Error al timbrar factura: 300 - El usuario o contraseña son inválidos
2026-01-07 23:03:54 - services.facturacion_service - ERROR - [facturacion_service.py:136] - Error al timbrar factura: 300 - El usuario o contraseña son inválidos
2026-01-07 23:06:29 - services.facturacion_service - ERROR - [facturacion_service.py:136] - Error al timbrar factura: 302 - Sello mal formado o inválido
2026-01-07 23:55:55 - services.facturacion_service - ERROR - [facturacion_service.py:136] - Error al timbrar factura: CFDI40138 - El campo Nombre del emisor, debe encontrarse en la lista de RFC inscritos no cancelados en el SAT.
2026-01-08 00:00:52 - services.facturacion_service - ERROR - [facturacion_service.py:136] - Error al timbrar factura: CFDI40138 - El campo Nombre del emisor, debe encontrarse en la lista de RFC inscritos no cancelados en el SAT.
2026-01-08 00:16:23 - services.facturacion_service - ERROR - [facturacion_service.py:136] - Error al timbrar factura: CFDI40138 - El campo Nombre del emisor, debe encontrarse en la lista de RFC inscritos no cancelados en el SAT.
2026-01-08 12:22:24 - services.cfdi_generator - ERROR - [cfdi_generator.py:239] - Error al generar CFDI: Incorrect password, could not decrypt key
2026-01-08 12:22:24 - __main__ - ERROR - [app.py:2413] - Error al generar y timbrar: Incorrect password, could not decrypt key
2026-01-08 12:23:36 - services.facturacion_service - ERROR - [facturacion_service.py:136] - Error al timbrar factura: CFDI40138 - El campo Nombre del emisor, debe encontrarse en la lista de RFC inscritos no cancelados en el SAT.
2026-01-08 12:26:08 - services.facturacion_service - ERROR - [facturacion_service.py:136] - Error al timbrar factura: CFDI40138 - El campo Nombre del emisor, debe encontrarse en la lista de RFC inscritos no cancelados en el SAT.
2026-01-08 13:42:55 - services.facturacion_service - ERROR - [facturacion_service.py:136] - Error al timbrar factura: CFDI40138 - El campo Nombre del emisor, debe encontrarse en la lista de RFC inscritos no cancelados en el SAT.
2026-01-08 13:43:58 - services.facturacion_service - ERROR - [facturacion_service.py:136] - Error al timbrar factura: CFDI40138 - El campo Nombre del emisor, debe encontrarse en la lista de RFC inscritos no cancelados en el SAT.
2026-01-08 13:44:57 - services.facturacion_service - ERROR - [facturacion_service.py:136] - Error al timbrar factura: CFDI40138 - El campo Nombre del emisor, debe encontrarse en la lista de RFC inscritos no cancelados en el SAT.
2026-01-08 14:05:42 - services.facturacion_service - ERROR - [facturacion_service.py:136] - Error al timbrar factura: CFDI40138 - El campo Nombre del emisor, debe encontrarse en la lista de RFC inscritos no cancelados en el SAT.
2026-01-08 14:09:07 - services.facturacion_service - ERROR - [facturacion_service.py:136] - Error al timbrar factura: CFDI40138 - El campo Nombre del emisor, debe encontrarse en la lista de RFC inscritos no cancelados en el SAT.
2026-01-08 14:50:41 - services.facturacion_service - ERROR - [facturacion_service.py:193] - Error al consultar estado: 'dict' object has no attribute 'estado'
2026-01-08 14:53:24 - services.facturacion_service - ERROR - [facturacion_service.py:193] - Error al consultar estado: 'estado'
2026-01-08 15:18:29 - services.facturacion_service - ERROR - [facturacion_service.py:249] - Error al verificar lista 69B: 'charmap' codec can't decode byte 0x81 in position 4098: character maps to <undefined>
2026-01-08 15:28:55 - services.facturacion_service - ERROR - [facturacion_service.py:249] - Error al verificar lista 69B: 'charmap' codec can't decode byte 0x81 in position 4098: character maps to <undefined>
2026-01-08 15:28:58 - services.facturacion_service - ERROR - [facturacion_service.py:249] - Error al verificar lista 69B: 'charmap' codec can't decode byte 0x81 in position 4098: character maps to <undefined>
2026-01-08 15:28:58 - services.facturacion_service - ERROR - [facturacion_service.py:249] - Error al verificar lista 69B: 'charmap' codec can't decode byte 0x81 in position 4098: character maps to <undefined>
2026-01-08 15:29:02 - services.facturacion_service - ERROR - [facturacion_service.py:249] - Error al verificar lista 69B: 'charmap' codec can't decode byte 0x81 in position 4098: character maps to <undefined>
2026-01-08 15:33:42 - services.facturacion_service - ERROR - [facturacion_service.py:305] - Error al verificar lista 69B: type object 'TaxpayerStatus' has no attribute 'NO_DEFINITIVO'
2026-01-08 16:28:31 - services.facturacion_service - ERROR - [facturacion_service.py:192] - Error al timbrar factura: 721 - RFC emisor del comprobante no corresponde al de la cuenta.
2026-01-08 17:00:07 - services.facturacion_service - ERROR - [facturacion_service.py:192] - Error al timbrar factura: 721 - RFC emisor del comprobante no corresponde al de la cuenta.
2026-01-08 17:01:56 - services.facturacion_service - ERROR - [facturacion_service.py:192] - Error al timbrar factura: 721 - RFC emisor del comprobante no corresponde al de la cuenta.
2026-01-08 17:22:59 - services.facturacion_service - ERROR - [facturacion_service.py:192] - Error al timbrar factura: 721 - RFC emisor del comprobante no corresponde al de la cuenta.
2026-01-08 17:34:49 - services.facturacion_service - ERROR - [facturacion_service.py:192] - Error al timbrar factura: 721 - RFC emisor del comprobante no corresponde al de la cuenta.
2026-01-08 18:04:57 - services.facturacion_service - ERROR - [facturacion_service.py:192] - Error al timbrar factura: 721 - RFC emisor del comprobante no corresponde al de la cuenta.
2026-01-08 18:28:37 - services.facturacion_service - ERROR - [facturacion_service.py:192] - Error al timbrar factura: 721 - RFC emisor del comprobante no corresponde al de la cuenta.
2026-01-08 18:52:50 - services.facturacion_service - ERROR - [facturacion_service.py:192] - Error al timbrar factura: Unicode strings with encoding declaration are not supported. Please use bytes input or XML fragments without declaration.
2026-01-08 18:56:50 - services.facturacion_service - ERROR - [facturacion_service.py:192] - Error al timbrar factura: 721 - RFC emisor del comprobante no corresponde al de la cuenta.
2026-01-08 19:13:02 - services.facturacion_service - ERROR - [facturacion_service.py:204] - Error al timbrar factura: cfdi must be a CFDI object
2026-01-08 19:13:02 - __main__ - ERROR - [app.py:2518] - Error guardando XML fallido: write() argument must be str, not tuple
2026-01-08 19:16:34 - services.facturacion_service - ERROR - [facturacion_service.py:189] - Error al timbrar factura: 721 - RFC emisor del comprobante no corresponde al de la cuenta.
2026-01-08 19:27:25 - services.facturacion_service - ERROR - [facturacion_service.py:189] - Error al timbrar factura: 721 - RFC emisor del comprobante no corresponde al de la cuenta.
2026-01-08 19:42:25 - services.facturacion_service - ERROR - [facturacion_service.py:189] - Error al timbrar factura: 300 - El usuario o contraseña son inválidos
2026-01-08 19:42:55 - services.facturacion_service - ERROR - [facturacion_service.py:189] - Error al timbrar factura: 721 - RFC emisor del comprobante no corresponde al de la cuenta.
2026-01-08 19:52:23 - services.facturacion_service - ERROR - [facturacion_service.py:189] - Error al timbrar factura: 300 - El usuario o contraseña son inválidos
2026-01-08 19:53:57 - services.facturacion_service - ERROR - [facturacion_service.py:189] - Error al timbrar factura: CFDI40161 - La clave del campo UsoCFDI debe corresponder con el tipo de persona (física o moral) y el régimen correspondiente conforme al catálogo c_UsoCFDI.
2026-01-08 21:11:52 - services.facturacion_service - ERROR - [facturacion_service.py:189] - Error al timbrar factura: 721 - RFC emisor del comprobante no corresponde al de la cuenta.
2026-01-08 21:15:14 - services.facturacion_service - ERROR - [facturacion_service.py:189] - Error al timbrar factura: 'CFDI' object has no attribute 'complemento'
2026-01-08 21:24:00 - __main__ - ERROR - [app.py:2534] - Error al generar y timbrar: write() argument must be str, not bytes
2026-01-08 21:27:26 - services.facturacion_service - ERROR - [facturacion_service.py:191] - Error al timbrar factura: CFDI40162 - El campo ClaveProdServ, no contiene un valor del catálogo c_ClaveProdServ.
2026-01-08 21:57:10 - services.facturacion_service - ERROR - [facturacion_service.py:252] - Error al consultar estado: Unicode strings with encoding declaration are not supported. Please use bytes input or XML fragments without declaration.
2026-01-08 22:00:22 - services.facturacion_service - ERROR - [facturacion_service.py:252] - Error al consultar estado: Unicode strings with encoding declaration are not supported. Please use bytes input or XML fragments without declaration.
2026-01-08 22:00:28 - services.facturacion_service - ERROR - [facturacion_service.py:252] - Error al consultar estado: Unicode strings with encoding declaration are not supported. Please use bytes input or XML fragments without declaration.
2026-01-09 18:30:10 - utils.crypto - ERROR - [crypto.py:106] - Decryption failed: Invalid token (wrong key or corrupted data)
2026-01-09 18:30:32 - utils.crypto - ERROR - [crypto.py:106] - Decryption failed: Invalid token (wrong key or corrupted data)
